ERROR - 2026-06-10 01:22:47 --> ErrorException: SQLite3::query(): Unable to prepare statement: 1, no such table: db_categorias in C:\xampp\htdocs\Proyecto_ingII\proyecto_bys_cardozo\system\Database\SQLite3\Connection.php:146
Stack trace:
#0 [internal function]: CodeIgniter\Debug\Exceptions->errorHandler(2, 'SQLite3::query(...', 'C:\\xampp\\htdocs...', 146)
#1 C:\xampp\htdocs\Proyecto_ingII\proyecto_bys_cardozo\system\Database\SQLite3\Connection.php(146): SQLite3->query('SELECT *\nFROM `...')
#2 C:\xampp\htdocs\Proyecto_ingII\proyecto_bys_cardozo\system\Database\BaseConnection.php(693): CodeIgniter\Database\SQLite3\Connection->execute('SELECT *\nFROM `...')
#3 C:\xampp\htdocs\Proyecto_ingII\proyecto_bys_cardozo\system\Database\BaseConnection.php(607): CodeIgniter\Database\BaseConnection->simpleQuery('SELECT *\nFROM `...')
#4 C:\xampp\htdocs\Proyecto_ingII\proyecto_bys_cardozo\system\Database\BaseBuilder.php(1616): CodeIgniter\Database\BaseConnection->query('SELECT *\nFROM `...', Array, false)
#5 C:\xampp\htdocs\Proyecto_ingII\proyecto_bys_cardozo\system\Model.php(242): CodeIgniter\Database\BaseBuilder->get()
#6 C:\xampp\htdocs\Proyecto_ingII\proyecto_bys_cardozo\system\BaseModel.php(638): CodeIgniter\Model->doFindAll(0, 0)
#7 C:\xampp\htdocs\Proyecto_ingII\proyecto_bys_cardozo\app\Controllers\LibroController.php(76): CodeIgniter\BaseModel->findAll()
#8 C:\xampp\htdocs\Proyecto_ingII\proyecto_bys_cardozo\app\Controllers\LibroController.php(248): App\Controllers\LibroController->cargarDatosFormulario('Agregar libro')
#9 C:\xampp\htdocs\Proyecto_ingII\proyecto_bys_cardozo\system\Test\ControllerTestTrait.php(164): App\Controllers\LibroController->registrar_libro()
#10 C:\xampp\htdocs\Proyecto_ingII\proyecto_bys_cardozo\tests\Controllers\RegistrarLibroTest.php(251): Tests\Controllers\RegistrarLibroTest->execute('registrar_libro')
#11 C:\xampp\htdocs\Proyecto_ingII\proyecto_bys_cardozo\vendor\phpunit\phpunit\src\Framework\TestCase.php(1617): Tests\Controllers\RegistrarLibroTest->testRegistrarLibroTituloVacio()
#12 C:\xampp\htdocs\Proyecto_ingII\proyecto_bys_cardozo\vendor\phpunit\phpunit\src\Framework\TestCase.php(1223): PHPUnit\Framework\TestCase->runTest()
#13 C:\xampp\htdocs\Proyecto_ingII\proyecto_bys_cardozo\vendor\phpunit\phpunit\src\Framework\TestResult.php(729): PHPUnit\Framework\TestCase->runBare()
#14 C:\xampp\htdocs\Proyecto_ingII\proyecto_bys_cardozo\vendor\phpunit\phpunit\src\Framework\TestCase.php(973): PHPUnit\Framework\TestResult->run(Object(Tests\Controllers\RegistrarLibroTest))
#15 C:\xampp\htdocs\Proyecto_ingII\proyecto_bys_cardozo\vendor\phpunit\phpunit\src\Framework\TestSuite.php(685): PHPUnit\Framework\TestCase->run(Object(PHPUnit\Framework\TestResult))
#16 C:\xampp\htdocs\Proyecto_ingII\proyecto_bys_cardozo\vendor\phpunit\phpunit\src\TextUI\TestRunner.php(651): PHPUnit\Framework\TestSuite->run(Object(PHPUnit\Framework\TestResult))
#17 C:\xampp\htdocs\Proyecto_ingII\proyecto_bys_cardozo\vendor\phpunit\phpunit\src\TextUI\Command.php(146): PHPUnit\TextUI\TestRunner->run(Object(PHPUnit\Framework\TestSuite), Array, Array, true)
#18 C:\xampp\htdocs\Proyecto_ingII\proyecto_bys_cardozo\vendor\phpunit\phpunit\src\TextUI\Command.php(99): PHPUnit\TextUI\Command->run(Array, true)
#19 C:\xampp\htdocs\Proyecto_ingII\proyecto_bys_cardozo\vendor\phpunit\phpunit\phpunit(107): PHPUnit\TextUI\Command::main()
#20 C:\xampp\htdocs\Proyecto_ingII\proyecto_bys_cardozo\vendor\bin\phpunit(122): include('C:\\xampp\\htdocs...')
#21 {main}
INFO - 2026-06-10 04:36:40 --> Cart Class Initialized
ERROR - 2026-06-10 04:36:41 --> Error en procesar_finalizar_compra: Lo sentimos, el stock de "Percy Jackson" ya no está disponible. Por favor, revisa tu carrito.
ERROR - 2026-06-10 04:36:42 --> Error en procesar_finalizar_compra: No se pudo enviar el correo de comprobante, compra cancelada por seguridad.
ERROR - 2026-06-10 04:36:42 --> Error en procesar_finalizar_compra: Error durante procesamiento de la venta.
INFO - 2026-06-10 07:33:02 --> Session: Class initialized using 'CodeIgniter\Session\Handlers\FileHandler' driver.
INFO - 2026-06-10 07:33:27 --> Session: Class initialized using 'CodeIgniter\Session\Handlers\FileHandler' driver.
INFO - 2026-06-10 07:33:36 --> Session: Class initialized using 'CodeIgniter\Session\Handlers\FileHandler' driver.
INFO - 2026-06-10 07:33:59 --> Session: Class initialized using 'CodeIgniter\Session\Handlers\FileHandler' driver.
INFO - 2026-06-10 07:33:59 --> Session: Class initialized using 'CodeIgniter\Session\Handlers\FileHandler' driver.
INFO - 2026-06-10 07:34:01 --> Session: Class initialized using 'CodeIgniter\Session\Handlers\FileHandler' driver.
INFO - 2026-06-10 07:34:10 --> Session: Class initialized using 'CodeIgniter\Session\Handlers\FileHandler' driver.
INFO - 2026-06-10 07:34:20 --> Session: Class initialized using 'CodeIgniter\Session\Handlers\FileHandler' driver.
INFO - 2026-06-10 07:34:28 --> Session: Class initialized using 'CodeIgniter\Session\Handlers\FileHandler' driver.
INFO - 2026-06-10 07:34:40 --> Session: Class initialized using 'CodeIgniter\Session\Handlers\FileHandler' driver.
INFO - 2026-06-10 07:34:47 --> Session: Class initialized using 'CodeIgniter\Session\Handlers\FileHandler' driver.
INFO - 2026-06-10 07:34:54 --> Session: Class initialized using 'CodeIgniter\Session\Handlers\FileHandler' driver.
INFO - 2026-06-10 07:34:59 --> Session: Class initialized using 'CodeIgniter\Session\Handlers\FileHandler' driver.
