INFO - 2026-06-04 00:17:42 --> Session: Class initialized using 'CodeIgniter\Session\Handlers\FileHandler' driver.
INFO - 2026-06-04 01:34:32 --> Session: Class initialized using 'CodeIgniter\Session\Handlers\FileHandler' driver.
INFO - 2026-06-04 17:46:31 --> Session: Class initialized using 'CodeIgniter\Session\Handlers\FileHandler' driver.
INFO - 2026-06-04 17:48:35 --> Session: Class initialized using 'CodeIgniter\Session\Handlers\FileHandler' driver.
INFO - 2026-06-04 17:48:40 --> Session: Class initialized using 'CodeIgniter\Session\Handlers\FileHandler' driver.
INFO - 2026-06-04 17:48:46 --> Session: Class initialized using 'CodeIgniter\Session\Handlers\FileHandler' driver.
INFO - 2026-06-04 17:48:55 --> Session: Class initialized using 'CodeIgniter\Session\Handlers\FileHandler' driver.
INFO - 2026-06-04 17:48:55 --> Session: Class initialized using 'CodeIgniter\Session\Handlers\FileHandler' driver.
INFO - 2026-06-04 17:48:59 --> Session: Class initialized using 'CodeIgniter\Session\Handlers\FileHandler' driver.
INFO - 2026-06-04 17:49:03 --> Session: Class initialized using 'CodeIgniter\Session\Handlers\FileHandler' driver.
CRITICAL - 2026-06-04 17:49:03 --> Error: Class "App\Libraries\State\EstadoVentaFactory" not found
in APPPATH\Controllers\VentaController.php on line 114.
 1 SYSTEMPATH\CodeIgniter.php(941): App\Controllers\VentaController->cambiar_estado(16, 'Finalizado')
 2 SYSTEMPATH\CodeIgniter.php(502): CodeIgniter\CodeIgniter->runController(Object(App\Controllers\VentaController))
 3 SYSTEMPATH\CodeIgniter.php(361): CodeIgniter\CodeIgniter->handleRequest(null, Object(Config\Cache), false)
 4 FCPATH\index.php(79): CodeIgniter\CodeIgniter->run()
INFO - 2026-06-04 17:54:26 --> Session: Class initialized using 'CodeIgniter\Session\Handlers\FileHandler' driver.
INFO - 2026-06-04 17:54:36 --> Session: Class initialized using 'CodeIgniter\Session\Handlers\FileHandler' driver.
ERROR - 2026-06-04 17:54:39 --> Email: Unable to send email using SMTP. Your server might not be configured to send mail using this method.
ERROR - 2026-06-04 17:54:39 --> 220 smtp.gmail.com ESMTP 5a478bee46e88-3074db525a1sm5470331eec.1 - gsmtp

hello: 250-smtp.gmail.com at your service, [2803:9800:9853:81e0:3478:a38b:c5ca:bf98]
250-SIZE 35882577
250-8BITMIME
250-AUTH LOGIN PLAIN XOAUTH2 PLAIN-CLIENTTOKEN OAUTHBEARER XOAUTH
250-ENHANCEDSTATUSCODES
250-PIPELINING
250-CHUNKING
250 SMTPUTF8

Failed to authenticate password. Error: 535-5.7.8 Username and Password not accepted. For more information, go to
535 5.7.8  https://support.google.com/mail/?p=BadCredentials 5a478bee46e88-3074db525a1sm5470331eec.1 - gsmtp

ERROR - 2026-06-04 17:54:39 --> Error al despachar notificación SMTP para venta #16
INFO - 2026-06-04 17:54:40 --> Session: Class initialized using 'CodeIgniter\Session\Handlers\FileHandler' driver.
INFO - 2026-06-04 17:54:50 --> Session: Class initialized using 'CodeIgniter\Session\Handlers\FileHandler' driver.
ERROR - 2026-06-04 17:54:52 --> Email: Unable to send email using SMTP. Your server might not be configured to send mail using this method.
ERROR - 2026-06-04 17:54:52 --> 220 smtp.gmail.com ESMTP 5a478bee46e88-3074df9bbd4sm4966547eec.30 - gsmtp

hello: 250-smtp.gmail.com at your service, [2803:9800:9853:81e0:3478:a38b:c5ca:bf98]
250-SIZE 35882577
250-8BITMIME
250-AUTH LOGIN PLAIN XOAUTH2 PLAIN-CLIENTTOKEN OAUTHBEARER XOAUTH
250-ENHANCEDSTATUSCODES
250-PIPELINING
250-CHUNKING
250 SMTPUTF8

Failed to authenticate password. Error: 535-5.7.8 Username and Password not accepted. For more information, go to
535 5.7.8  https://support.google.com/mail/?p=BadCredentials 5a478bee46e88-3074df9bbd4sm4966547eec.30 - gsmtp

ERROR - 2026-06-04 17:54:52 --> Error al despachar notificación SMTP para venta #8
INFO - 2026-06-04 17:54:53 --> Session: Class initialized using 'CodeIgniter\Session\Handlers\FileHandler' driver.
INFO - 2026-06-04 17:59:32 --> Session: Class initialized using 'CodeIgniter\Session\Handlers\FileHandler' driver.
INFO - 2026-06-04 17:59:48 --> Session: Class initialized using 'CodeIgniter\Session\Handlers\FileHandler' driver.
ERROR - 2026-06-04 17:59:51 --> Email: Unable to send email using SMTP. Your server might not be configured to send mail using this method.
ERROR - 2026-06-04 17:59:51 --> 220 smtp.gmail.com ESMTP 956f58d0204a3-660d5f441f8sm4219949d50.3 - gsmtp

hello: 250-smtp.gmail.com at your service, [2803:9800:9853:81e0:3478:a38b:c5ca:bf98]
250-SIZE 35882577
250-8BITMIME
250-AUTH LOGIN PLAIN XOAUTH2 PLAIN-CLIENTTOKEN OAUTHBEARER XOAUTH
250-ENHANCEDSTATUSCODES
250-PIPELINING
250-CHUNKING
250 SMTPUTF8

Failed to authenticate password. Error: 535-5.7.8 Username and Password not accepted. For more information, go to
535 5.7.8  https://support.google.com/mail/?p=BadCredentials 956f58d0204a3-660d5f441f8sm4219949d50.3 - gsmtp

ERROR - 2026-06-04 17:59:51 --> Error al despachar notificación SMTP para venta #8
INFO - 2026-06-04 17:59:52 --> Session: Class initialized using 'CodeIgniter\Session\Handlers\FileHandler' driver.
