ERROR - 2026-06-08 02:27:40 --> Error connecting to the database: Error: Class "SQLite3" not found in C:\xampp\htdocs\Proyecto_ingII\proyecto_bys_cardozo\system\Database\SQLite3\Connection.php:89
Stack trace:
#0 C:\xampp\htdocs\Proyecto_ingII\proyecto_bys_cardozo\system\Database\BaseConnection.php(392): CodeIgniter\Database\SQLite3\Connection->connect(false)
#1 C:\xampp\htdocs\Proyecto_ingII\proyecto_bys_cardozo\system\Database\SQLite3\Connection.php(59): CodeIgniter\Database\BaseConnection->initialize()
#2 C:\xampp\htdocs\Proyecto_ingII\proyecto_bys_cardozo\system\Test\DatabaseTestTrait.php(74): CodeIgniter\Database\SQLite3\Connection->initialize()
#3 C:\xampp\htdocs\Proyecto_ingII\proyecto_bys_cardozo\system\Test\DatabaseTestTrait.php(54): Tests\Controllers\VentaControllerTest->loadDependencies()
#4 C:\xampp\htdocs\Proyecto_ingII\proyecto_bys_cardozo\system\Test\CIUnitTestCase.php(249): Tests\Controllers\VentaControllerTest->setUpDatabase()
#5 C:\xampp\htdocs\Proyecto_ingII\proyecto_bys_cardozo\vendor\phpunit\phpunit\src\Framework\TestCase.php(1216): CodeIgniter\Test\CIUnitTestCase->setUp()
#6 C:\xampp\htdocs\Proyecto_ingII\proyecto_bys_cardozo\vendor\phpunit\phpunit\src\Framework\TestResult.php(729): PHPUnit\Framework\TestCase->runBare()
#7 C:\xampp\htdocs\Proyecto_ingII\proyecto_bys_cardozo\vendor\phpunit\phpunit\src\Framework\TestCase.php(973): PHPUnit\Framework\TestResult->run(Object(Tests\Controllers\VentaControllerTest))
#8 C:\xampp\htdocs\Proyecto_ingII\proyecto_bys_cardozo\vendor\phpunit\phpunit\src\Framework\TestSuite.php(685): PHPUnit\Framework\TestCase->run(Object(PHPUnit\Framework\TestResult))
#9 C:\xampp\htdocs\Proyecto_ingII\proyecto_bys_cardozo\vendor\phpunit\phpunit\src\TextUI\TestRunner.php(651): PHPUnit\Framework\TestSuite->run(Object(PHPUnit\Framework\TestResult))
#10 C:\xampp\htdocs\Proyecto_ingII\proyecto_bys_cardozo\vendor\phpunit\phpunit\src\TextUI\Command.php(146): PHPUnit\TextUI\TestRunner->run(Object(PHPUnit\Framework\TestSuite), Array, Array, true)
#11 C:\xampp\htdocs\Proyecto_ingII\proyecto_bys_cardozo\vendor\phpunit\phpunit\src\TextUI\Command.php(99): PHPUnit\TextUI\Command->run(Array, true)
#12 C:\xampp\htdocs\Proyecto_ingII\proyecto_bys_cardozo\vendor\phpunit\phpunit\phpunit(107): PHPUnit\TextUI\Command::main()
#13 C:\xampp\htdocs\Proyecto_ingII\proyecto_bys_cardozo\vendor\bin\phpunit(122): include('C:\\xampp\\htdocs...')
#14 {main}
ERROR - 2026-06-08 02:27:41 --> Error connecting to the database: Error: Class "SQLite3" not found in C:\xampp\htdocs\Proyecto_ingII\proyecto_bys_cardozo\system\Database\SQLite3\Connection.php:89
Stack trace:
#0 C:\xampp\htdocs\Proyecto_ingII\proyecto_bys_cardozo\system\Database\BaseConnection.php(392): CodeIgniter\Database\SQLite3\Connection->connect(false)
#1 C:\xampp\htdocs\Proyecto_ingII\proyecto_bys_cardozo\system\Database\SQLite3\Connection.php(59): CodeIgniter\Database\BaseConnection->initialize()
#2 C:\xampp\htdocs\Proyecto_ingII\proyecto_bys_cardozo\system\Test\DatabaseTestTrait.php(74): CodeIgniter\Database\SQLite3\Connection->initialize()
#3 C:\xampp\htdocs\Proyecto_ingII\proyecto_bys_cardozo\system\Test\DatabaseTestTrait.php(54): Tests\Controllers\VentaControllerTest->loadDependencies()
#4 C:\xampp\htdocs\Proyecto_ingII\proyecto_bys_cardozo\system\Test\CIUnitTestCase.php(249): Tests\Controllers\VentaControllerTest->setUpDatabase()
#5 C:\xampp\htdocs\Proyecto_ingII\proyecto_bys_cardozo\vendor\phpunit\phpunit\src\Framework\TestCase.php(1216): CodeIgniter\Test\CIUnitTestCase->setUp()
#6 C:\xampp\htdocs\Proyecto_ingII\proyecto_bys_cardozo\vendor\phpunit\phpunit\src\Framework\TestResult.php(729): PHPUnit\Framework\TestCase->runBare()
#7 C:\xampp\htdocs\Proyecto_ingII\proyecto_bys_cardozo\vendor\phpunit\phpunit\src\Framework\TestCase.php(973): PHPUnit\Framework\TestResult->run(Object(Tests\Controllers\VentaControllerTest))
#8 C:\xampp\htdocs\Proyecto_ingII\proyecto_bys_cardozo\vendor\phpunit\phpunit\src\Framework\TestSuite.php(685): PHPUnit\Framework\TestCase->run(Object(PHPUnit\Framework\TestResult))
#9 C:\xampp\htdocs\Proyecto_ingII\proyecto_bys_cardozo\vendor\phpunit\phpunit\src\TextUI\TestRunner.php(651): PHPUnit\Framework\TestSuite->run(Object(PHPUnit\Framework\TestResult))
#10 C:\xampp\htdocs\Proyecto_ingII\proyecto_bys_cardozo\vendor\phpunit\phpunit\src\TextUI\Command.php(146): PHPUnit\TextUI\TestRunner->run(Object(PHPUnit\Framework\TestSuite), Array, Array, true)
#11 C:\xampp\htdocs\Proyecto_ingII\proyecto_bys_cardozo\vendor\phpunit\phpunit\src\TextUI\Command.php(99): PHPUnit\TextUI\Command->run(Array, true)
#12 C:\xampp\htdocs\Proyecto_ingII\proyecto_bys_cardozo\vendor\phpunit\phpunit\phpunit(107): PHPUnit\TextUI\Command::main()
#13 C:\xampp\htdocs\Proyecto_ingII\proyecto_bys_cardozo\vendor\bin\phpunit(122): include('C:\\xampp\\htdocs...')
#14 {main}
ERROR - 2026-06-08 02:44:56 --> ErrorException: SQLite3::query(): Unable to prepare statement: 1, no such table: db_venta in C:\xampp\htdocs\Proyecto_ingII\proyecto_bys_cardozo\system\Database\SQLite3\Connection.php:146
Stack trace:
#0 [internal function]: CodeIgniter\Debug\Exceptions->errorHandler(2, 'SQLite3::query(...', 'C:\\xampp\\htdocs...', 146)
#1 C:\xampp\htdocs\Proyecto_ingII\proyecto_bys_cardozo\system\Database\SQLite3\Connection.php(146): SQLite3->query('SELECT *\nFROM `...')
#2 C:\xampp\htdocs\Proyecto_ingII\proyecto_bys_cardozo\system\Database\BaseConnection.php(693): CodeIgniter\Database\SQLite3\Connection->execute('SELECT *\nFROM `...')
#3 C:\xampp\htdocs\Proyecto_ingII\proyecto_bys_cardozo\system\Database\BaseConnection.php(607): CodeIgniter\Database\BaseConnection->simpleQuery('SELECT *\nFROM `...')
#4 C:\xampp\htdocs\Proyecto_ingII\proyecto_bys_cardozo\system\Database\BaseBuilder.php(1616): CodeIgniter\Database\BaseConnection->query('SELECT *\nFROM `...', Array, false)
#5 C:\xampp\htdocs\Proyecto_ingII\proyecto_bys_cardozo\system\Model.php(242): CodeIgniter\Database\BaseBuilder->get()
#6 C:\xampp\htdocs\Proyecto_ingII\proyecto_bys_cardozo\system\BaseModel.php(638): CodeIgniter\Model->doFindAll(0, 0)
#7 C:\xampp\htdocs\Proyecto_ingII\proyecto_bys_cardozo\app\Controllers\VentaController.php(157): CodeIgniter\BaseModel->findAll()
#8 C:\xampp\htdocs\Proyecto_ingII\proyecto_bys_cardozo\app\Controllers\VentaController.php(52): App\Controllers\VentaController->obtener_ventas_por_estado('Pendiente', 'ASC')
#9 C:\xampp\htdocs\Proyecto_ingII\proyecto_bys_cardozo\system\Test\ControllerTestTrait.php(164): App\Controllers\VentaController->gestionar_ventas()
#10 C:\xampp\htdocs\Proyecto_ingII\proyecto_bys_cardozo\tests\Controllers\VentaControllerTest.php(42): Tests\Controllers\VentaControllerTest->execute('gestionar_venta...')
#11 C:\xampp\htdocs\Proyecto_ingII\proyecto_bys_cardozo\vendor\phpunit\phpunit\src\Framework\TestCase.php(1617): Tests\Controllers\VentaControllerTest->testGestionarVentasPermiteAccesoAAdmin()
#12 C:\xampp\htdocs\Proyecto_ingII\proyecto_bys_cardozo\vendor\phpunit\phpunit\src\Framework\TestCase.php(1223): PHPUnit\Framework\TestCase->runTest()
#13 C:\xampp\htdocs\Proyecto_ingII\proyecto_bys_cardozo\vendor\phpunit\phpunit\src\Framework\TestResult.php(729): PHPUnit\Framework\TestCase->runBare()
#14 C:\xampp\htdocs\Proyecto_ingII\proyecto_bys_cardozo\vendor\phpunit\phpunit\src\Framework\TestCase.php(973): PHPUnit\Framework\TestResult->run(Object(Tests\Controllers\VentaControllerTest))
#15 C:\xampp\htdocs\Proyecto_ingII\proyecto_bys_cardozo\vendor\phpunit\phpunit\src\Framework\TestSuite.php(685): PHPUnit\Framework\TestCase->run(Object(PHPUnit\Framework\TestResult))
#16 C:\xampp\htdocs\Proyecto_ingII\proyecto_bys_cardozo\vendor\phpunit\phpunit\src\TextUI\TestRunner.php(651): PHPUnit\Framework\TestSuite->run(Object(PHPUnit\Framework\TestResult))
#17 C:\xampp\htdocs\Proyecto_ingII\proyecto_bys_cardozo\vendor\phpunit\phpunit\src\TextUI\Command.php(146): PHPUnit\TextUI\TestRunner->run(Object(PHPUnit\Framework\TestSuite), Array, Array, true)
#18 C:\xampp\htdocs\Proyecto_ingII\proyecto_bys_cardozo\vendor\phpunit\phpunit\src\TextUI\Command.php(99): PHPUnit\TextUI\Command->run(Array, true)
#19 C:\xampp\htdocs\Proyecto_ingII\proyecto_bys_cardozo\vendor\phpunit\phpunit\phpunit(107): PHPUnit\TextUI\Command::main()
#20 C:\xampp\htdocs\Proyecto_ingII\proyecto_bys_cardozo\vendor\bin\phpunit(122): include('C:\\xampp\\htdocs...')
#21 {main}
ERROR - 2026-06-08 03:00:32 --> ErrorException: SQLite3::query(): Unable to prepare statement: 1, no such table: db_venta in C:\xampp\htdocs\Proyecto_ingII\proyecto_bys_cardozo\system\Database\SQLite3\Connection.php:146
Stack trace:
#0 [internal function]: CodeIgniter\Debug\Exceptions->errorHandler(2, 'SQLite3::query(...', 'C:\\xampp\\htdocs...', 146)
#1 C:\xampp\htdocs\Proyecto_ingII\proyecto_bys_cardozo\system\Database\SQLite3\Connection.php(146): SQLite3->query('SELECT *\nFROM `...')
#2 C:\xampp\htdocs\Proyecto_ingII\proyecto_bys_cardozo\system\Database\BaseConnection.php(693): CodeIgniter\Database\SQLite3\Connection->execute('SELECT *\nFROM `...')
#3 C:\xampp\htdocs\Proyecto_ingII\proyecto_bys_cardozo\system\Database\BaseConnection.php(607): CodeIgniter\Database\BaseConnection->simpleQuery('SELECT *\nFROM `...')
#4 C:\xampp\htdocs\Proyecto_ingII\proyecto_bys_cardozo\system\Database\BaseBuilder.php(1616): CodeIgniter\Database\BaseConnection->query('SELECT *\nFROM `...', Array, false)
#5 C:\xampp\htdocs\Proyecto_ingII\proyecto_bys_cardozo\system\Model.php(242): CodeIgniter\Database\BaseBuilder->get()
#6 C:\xampp\htdocs\Proyecto_ingII\proyecto_bys_cardozo\system\BaseModel.php(638): CodeIgniter\Model->doFindAll(0, 0)
#7 C:\xampp\htdocs\Proyecto_ingII\proyecto_bys_cardozo\app\Controllers\VentaController.php(157): CodeIgniter\BaseModel->findAll()
#8 C:\xampp\htdocs\Proyecto_ingII\proyecto_bys_cardozo\app\Controllers\VentaController.php(52): App\Controllers\VentaController->obtener_ventas_por_estado('Pendiente', 'ASC')
#9 C:\xampp\htdocs\Proyecto_ingII\proyecto_bys_cardozo\system\Test\ControllerTestTrait.php(164): App\Controllers\VentaController->gestionar_ventas()
#10 C:\xampp\htdocs\Proyecto_ingII\proyecto_bys_cardozo\tests\Controllers\VentaControllerTest.php(41): Tests\Controllers\VentaControllerTest->execute('gestionar_venta...')
#11 C:\xampp\htdocs\Proyecto_ingII\proyecto_bys_cardozo\vendor\phpunit\phpunit\src\Framework\TestCase.php(1617): Tests\Controllers\VentaControllerTest->testGestionarVentasPermiteAccesoAAdmin()
#12 C:\xampp\htdocs\Proyecto_ingII\proyecto_bys_cardozo\vendor\phpunit\phpunit\src\Framework\TestCase.php(1223): PHPUnit\Framework\TestCase->runTest()
#13 C:\xampp\htdocs\Proyecto_ingII\proyecto_bys_cardozo\vendor\phpunit\phpunit\src\Framework\TestResult.php(729): PHPUnit\Framework\TestCase->runBare()
#14 C:\xampp\htdocs\Proyecto_ingII\proyecto_bys_cardozo\vendor\phpunit\phpunit\src\Framework\TestCase.php(973): PHPUnit\Framework\TestResult->run(Object(Tests\Controllers\VentaControllerTest))
#15 C:\xampp\htdocs\Proyecto_ingII\proyecto_bys_cardozo\vendor\phpunit\phpunit\src\Framework\TestSuite.php(685): PHPUnit\Framework\TestCase->run(Object(PHPUnit\Framework\TestResult))
#16 C:\xampp\htdocs\Proyecto_ingII\proyecto_bys_cardozo\vendor\phpunit\phpunit\src\TextUI\TestRunner.php(651): PHPUnit\Framework\TestSuite->run(Object(PHPUnit\Framework\TestResult))
#17 C:\xampp\htdocs\Proyecto_ingII\proyecto_bys_cardozo\vendor\phpunit\phpunit\src\TextUI\Command.php(146): PHPUnit\TextUI\TestRunner->run(Object(PHPUnit\Framework\TestSuite), Array, Array, true)
#18 C:\xampp\htdocs\Proyecto_ingII\proyecto_bys_cardozo\vendor\phpunit\phpunit\src\TextUI\Command.php(99): PHPUnit\TextUI\Command->run(Array, true)
#19 C:\xampp\htdocs\Proyecto_ingII\proyecto_bys_cardozo\vendor\phpunit\phpunit\phpunit(107): PHPUnit\TextUI\Command::main()
#20 C:\xampp\htdocs\Proyecto_ingII\proyecto_bys_cardozo\vendor\bin\phpunit(122): include('C:\\xampp\\htdocs...')
#21 {main}
ERROR - 2026-06-08 03:02:38 --> ErrorException: SQLite3::query(): Unable to prepare statement: 1, no such table: db_venta in C:\xampp\htdocs\Proyecto_ingII\proyecto_bys_cardozo\system\Database\SQLite3\Connection.php:146
Stack trace:
#0 [internal function]: CodeIgniter\Debug\Exceptions->errorHandler(2, 'SQLite3::query(...', 'C:\\xampp\\htdocs...', 146)
#1 C:\xampp\htdocs\Proyecto_ingII\proyecto_bys_cardozo\system\Database\SQLite3\Connection.php(146): SQLite3->query('SELECT *\nFROM `...')
#2 C:\xampp\htdocs\Proyecto_ingII\proyecto_bys_cardozo\system\Database\BaseConnection.php(693): CodeIgniter\Database\SQLite3\Connection->execute('SELECT *\nFROM `...')
#3 C:\xampp\htdocs\Proyecto_ingII\proyecto_bys_cardozo\system\Database\BaseConnection.php(607): CodeIgniter\Database\BaseConnection->simpleQuery('SELECT *\nFROM `...')
#4 C:\xampp\htdocs\Proyecto_ingII\proyecto_bys_cardozo\system\Database\BaseBuilder.php(1616): CodeIgniter\Database\BaseConnection->query('SELECT *\nFROM `...', Array, false)
#5 C:\xampp\htdocs\Proyecto_ingII\proyecto_bys_cardozo\system\Model.php(242): CodeIgniter\Database\BaseBuilder->get()
#6 C:\xampp\htdocs\Proyecto_ingII\proyecto_bys_cardozo\system\BaseModel.php(638): CodeIgniter\Model->doFindAll(0, 0)
#7 C:\xampp\htdocs\Proyecto_ingII\proyecto_bys_cardozo\app\Controllers\VentaController.php(157): CodeIgniter\BaseModel->findAll()
#8 C:\xampp\htdocs\Proyecto_ingII\proyecto_bys_cardozo\app\Controllers\VentaController.php(52): App\Controllers\VentaController->obtener_ventas_por_estado('Pendiente', 'ASC')
#9 C:\xampp\htdocs\Proyecto_ingII\proyecto_bys_cardozo\system\Test\ControllerTestTrait.php(164): App\Controllers\VentaController->gestionar_ventas()
#10 C:\xampp\htdocs\Proyecto_ingII\proyecto_bys_cardozo\tests\Controllers\VentaControllerTest.php(40): Tests\Controllers\VentaControllerTest->execute('gestionar_venta...')
#11 C:\xampp\htdocs\Proyecto_ingII\proyecto_bys_cardozo\vendor\phpunit\phpunit\src\Framework\TestCase.php(1617): Tests\Controllers\VentaControllerTest->testGestionarVentasPermiteAccesoAAdmin()
#12 C:\xampp\htdocs\Proyecto_ingII\proyecto_bys_cardozo\vendor\phpunit\phpunit\src\Framework\TestCase.php(1223): PHPUnit\Framework\TestCase->runTest()
#13 C:\xampp\htdocs\Proyecto_ingII\proyecto_bys_cardozo\vendor\phpunit\phpunit\src\Framework\TestResult.php(729): PHPUnit\Framework\TestCase->runBare()
#14 C:\xampp\htdocs\Proyecto_ingII\proyecto_bys_cardozo\vendor\phpunit\phpunit\src\Framework\TestCase.php(973): PHPUnit\Framework\TestResult->run(Object(Tests\Controllers\VentaControllerTest))
#15 C:\xampp\htdocs\Proyecto_ingII\proyecto_bys_cardozo\vendor\phpunit\phpunit\src\Framework\TestSuite.php(685): PHPUnit\Framework\TestCase->run(Object(PHPUnit\Framework\TestResult))
#16 C:\xampp\htdocs\Proyecto_ingII\proyecto_bys_cardozo\vendor\phpunit\phpunit\src\TextUI\TestRunner.php(651): PHPUnit\Framework\TestSuite->run(Object(PHPUnit\Framework\TestResult))
#17 C:\xampp\htdocs\Proyecto_ingII\proyecto_bys_cardozo\vendor\phpunit\phpunit\src\TextUI\Command.php(146): PHPUnit\TextUI\TestRunner->run(Object(PHPUnit\Framework\TestSuite), Array, Array, true)
#18 C:\xampp\htdocs\Proyecto_ingII\proyecto_bys_cardozo\vendor\phpunit\phpunit\src\TextUI\Command.php(99): PHPUnit\TextUI\Command->run(Array, true)
#19 C:\xampp\htdocs\Proyecto_ingII\proyecto_bys_cardozo\vendor\phpunit\phpunit\phpunit(107): PHPUnit\TextUI\Command::main()
#20 C:\xampp\htdocs\Proyecto_ingII\proyecto_bys_cardozo\vendor\bin\phpunit(122): include('C:\\xampp\\htdocs...')
#21 {main}
ERROR - 2026-06-08 03:16:39 --> ErrorException: SQLite3::query(): Unable to prepare statement: 1, no such table: db_venta in C:\xampp\htdocs\Proyecto_ingII\proyecto_bys_cardozo\system\Database\SQLite3\Connection.php:146
Stack trace:
#0 [internal function]: CodeIgniter\Debug\Exceptions->errorHandler(2, 'SQLite3::query(...', 'C:\\xampp\\htdocs...', 146)
#1 C:\xampp\htdocs\Proyecto_ingII\proyecto_bys_cardozo\system\Database\SQLite3\Connection.php(146): SQLite3->query('SELECT *\nFROM `...')
#2 C:\xampp\htdocs\Proyecto_ingII\proyecto_bys_cardozo\system\Database\BaseConnection.php(693): CodeIgniter\Database\SQLite3\Connection->execute('SELECT *\nFROM `...')
#3 C:\xampp\htdocs\Proyecto_ingII\proyecto_bys_cardozo\system\Database\BaseConnection.php(607): CodeIgniter\Database\BaseConnection->simpleQuery('SELECT *\nFROM `...')
#4 C:\xampp\htdocs\Proyecto_ingII\proyecto_bys_cardozo\system\Database\BaseBuilder.php(1616): CodeIgniter\Database\BaseConnection->query('SELECT *\nFROM `...', Array, false)
#5 C:\xampp\htdocs\Proyecto_ingII\proyecto_bys_cardozo\system\Model.php(242): CodeIgniter\Database\BaseBuilder->get()
#6 C:\xampp\htdocs\Proyecto_ingII\proyecto_bys_cardozo\system\BaseModel.php(638): CodeIgniter\Model->doFindAll(0, 0)
#7 C:\xampp\htdocs\Proyecto_ingII\proyecto_bys_cardozo\app\Controllers\VentaController.php(157): CodeIgniter\BaseModel->findAll()
#8 C:\xampp\htdocs\Proyecto_ingII\proyecto_bys_cardozo\app\Controllers\VentaController.php(52): App\Controllers\VentaController->obtener_ventas_por_estado('Pendiente', 'ASC')
#9 C:\xampp\htdocs\Proyecto_ingII\proyecto_bys_cardozo\system\Test\ControllerTestTrait.php(164): App\Controllers\VentaController->gestionar_ventas()
#10 C:\xampp\htdocs\Proyecto_ingII\proyecto_bys_cardozo\tests\Controllers\VentaControllerTest.php(40): Tests\Controllers\VentaControllerTest->execute('gestionar_venta...')
#11 C:\xampp\htdocs\Proyecto_ingII\proyecto_bys_cardozo\vendor\phpunit\phpunit\src\Framework\TestCase.php(1617): Tests\Controllers\VentaControllerTest->testGestionarVentasPermiteAccesoAAdmin()
#12 C:\xampp\htdocs\Proyecto_ingII\proyecto_bys_cardozo\vendor\phpunit\phpunit\src\Framework\TestCase.php(1223): PHPUnit\Framework\TestCase->runTest()
#13 C:\xampp\htdocs\Proyecto_ingII\proyecto_bys_cardozo\vendor\phpunit\phpunit\src\Framework\TestResult.php(729): PHPUnit\Framework\TestCase->runBare()
#14 C:\xampp\htdocs\Proyecto_ingII\proyecto_bys_cardozo\vendor\phpunit\phpunit\src\Framework\TestCase.php(973): PHPUnit\Framework\TestResult->run(Object(Tests\Controllers\VentaControllerTest))
#15 C:\xampp\htdocs\Proyecto_ingII\proyecto_bys_cardozo\vendor\phpunit\phpunit\src\Framework\TestSuite.php(685): PHPUnit\Framework\TestCase->run(Object(PHPUnit\Framework\TestResult))
#16 C:\xampp\htdocs\Proyecto_ingII\proyecto_bys_cardozo\vendor\phpunit\phpunit\src\TextUI\TestRunner.php(651): PHPUnit\Framework\TestSuite->run(Object(PHPUnit\Framework\TestResult))
#17 C:\xampp\htdocs\Proyecto_ingII\proyecto_bys_cardozo\vendor\phpunit\phpunit\src\TextUI\Command.php(146): PHPUnit\TextUI\TestRunner->run(Object(PHPUnit\Framework\TestSuite), Array, Array, true)
#18 C:\xampp\htdocs\Proyecto_ingII\proyecto_bys_cardozo\vendor\phpunit\phpunit\src\TextUI\Command.php(99): PHPUnit\TextUI\Command->run(Array, true)
#19 C:\xampp\htdocs\Proyecto_ingII\proyecto_bys_cardozo\vendor\phpunit\phpunit\phpunit(107): PHPUnit\TextUI\Command::main()
#20 C:\xampp\htdocs\Proyecto_ingII\proyecto_bys_cardozo\vendor\bin\phpunit(122): include('C:\\xampp\\htdocs...')
#21 {main}
ERROR - 2026-06-08 03:23:42 --> Error connecting to the database: mysqli_sql_exception: Access denied for user ''@'localhost' (using password: NO) in C:\xampp\htdocs\Proyecto_ingII\proyecto_bys_cardozo\system\Database\MySQLi\Connection.php:184
Stack trace:
#0 C:\xampp\htdocs\Proyecto_ingII\proyecto_bys_cardozo\system\Database\MySQLi\Connection.php(184): mysqli->real_connect('127.0.0.1', '', Object(SensitiveParameterValue), ':memory:', 3306, '', 0)
#1 C:\xampp\htdocs\Proyecto_ingII\proyecto_bys_cardozo\system\Database\BaseConnection.php(392): CodeIgniter\Database\MySQLi\Connection->connect(false)
#2 C:\xampp\htdocs\Proyecto_ingII\proyecto_bys_cardozo\system\Database\BaseConnection.php(575): CodeIgniter\Database\BaseConnection->initialize()
#3 C:\xampp\htdocs\Proyecto_ingII\proyecto_bys_cardozo\system\Database\BaseBuilder.php(1616): CodeIgniter\Database\BaseConnection->query('SELECT *\nFROM `...', Array, false)
#4 C:\xampp\htdocs\Proyecto_ingII\proyecto_bys_cardozo\system\Model.php(242): CodeIgniter\Database\BaseBuilder->get()
#5 C:\xampp\htdocs\Proyecto_ingII\proyecto_bys_cardozo\system\BaseModel.php(638): CodeIgniter\Model->doFindAll(0, 0)
#6 C:\xampp\htdocs\Proyecto_ingII\proyecto_bys_cardozo\app\Controllers\VentaController.php(157): CodeIgniter\BaseModel->findAll()
#7 C:\xampp\htdocs\Proyecto_ingII\proyecto_bys_cardozo\app\Controllers\VentaController.php(52): App\Controllers\VentaController->obtener_ventas_por_estado('Pendiente', 'ASC')
#8 C:\xampp\htdocs\Proyecto_ingII\proyecto_bys_cardozo\system\Test\ControllerTestTrait.php(164): App\Controllers\VentaController->gestionar_ventas()
#9 C:\xampp\htdocs\Proyecto_ingII\proyecto_bys_cardozo\tests\Controllers\VentaControllerTest.php(40): Tests\Controllers\VentaControllerTest->execute('gestionar_venta...')
#10 C:\xampp\htdocs\Proyecto_ingII\proyecto_bys_cardozo\vendor\phpunit\phpunit\src\Framework\TestCase.php(1617): Tests\Controllers\VentaControllerTest->testGestionarVentasPermiteAccesoAAdmin()
#11 C:\xampp\htdocs\Proyecto_ingII\proyecto_bys_cardozo\vendor\phpunit\phpunit\src\Framework\TestCase.php(1223): PHPUnit\Framework\TestCase->runTest()
#12 C:\xampp\htdocs\Proyecto_ingII\proyecto_bys_cardozo\vendor\phpunit\phpunit\src\Framework\TestResult.php(729): PHPUnit\Framework\TestCase->runBare()
#13 C:\xampp\htdocs\Proyecto_ingII\proyecto_bys_cardozo\vendor\phpunit\phpunit\src\Framework\TestCase.php(973): PHPUnit\Framework\TestResult->run(Object(Tests\Controllers\VentaControllerTest))
#14 C:\xampp\htdocs\Proyecto_ingII\proyecto_bys_cardozo\vendor\phpunit\phpunit\src\Framework\TestSuite.php(685): PHPUnit\Framework\TestCase->run(Object(PHPUnit\Framework\TestResult))
#15 C:\xampp\htdocs\Proyecto_ingII\proyecto_bys_cardozo\vendor\phpunit\phpunit\src\TextUI\TestRunner.php(651): PHPUnit\Framework\TestSuite->run(Object(PHPUnit\Framework\TestResult))
#16 C:\xampp\htdocs\Proyecto_ingII\proyecto_bys_cardozo\vendor\phpunit\phpunit\src\TextUI\Command.php(146): PHPUnit\TextUI\TestRunner->run(Object(PHPUnit\Framework\TestSuite), Array, Array, true)
#17 C:\xampp\htdocs\Proyecto_ingII\proyecto_bys_cardozo\vendor\phpunit\phpunit\src\TextUI\Command.php(99): PHPUnit\TextUI\Command->run(Array, true)
#18 C:\xampp\htdocs\Proyecto_ingII\proyecto_bys_cardozo\vendor\phpunit\phpunit\phpunit(107): PHPUnit\TextUI\Command::main()
#19 C:\xampp\htdocs\Proyecto_ingII\proyecto_bys_cardozo\vendor\bin\phpunit(122): include('C:\\xampp\\htdocs...')
#20 {main}

Next CodeIgniter\Database\Exceptions\DatabaseException: Access denied for user ''@'localhost' (using password: NO) in C:\xampp\htdocs\Proyecto_ingII\proyecto_bys_cardozo\system\Database\MySQLi\Connection.php:229
Stack trace:
#0 C:\xampp\htdocs\Proyecto_ingII\proyecto_bys_cardozo\system\Database\BaseConnection.php(392): CodeIgniter\Database\MySQLi\Connection->connect(false)
#1 C:\xampp\htdocs\Proyecto_ingII\proyecto_bys_cardozo\system\Database\BaseConnection.php(575): CodeIgniter\Database\BaseConnection->initialize()
#2 C:\xampp\htdocs\Proyecto_ingII\proyecto_bys_cardozo\system\Database\BaseBuilder.php(1616): CodeIgniter\Database\BaseConnection->query('SELECT *\nFROM `...', Array, false)
#3 C:\xampp\htdocs\Proyecto_ingII\proyecto_bys_cardozo\system\Model.php(242): CodeIgniter\Database\BaseBuilder->get()
#4 C:\xampp\htdocs\Proyecto_ingII\proyecto_bys_cardozo\system\BaseModel.php(638): CodeIgniter\Model->doFindAll(0, 0)
#5 C:\xampp\htdocs\Proyecto_ingII\proyecto_bys_cardozo\app\Controllers\VentaController.php(157): CodeIgniter\BaseModel->findAll()
#6 C:\xampp\htdocs\Proyecto_ingII\proyecto_bys_cardozo\app\Controllers\VentaController.php(52): App\Controllers\VentaController->obtener_ventas_por_estado('Pendiente', 'ASC')
#7 C:\xampp\htdocs\Proyecto_ingII\proyecto_bys_cardozo\system\Test\ControllerTestTrait.php(164): App\Controllers\VentaController->gestionar_ventas()
#8 C:\xampp\htdocs\Proyecto_ingII\proyecto_bys_cardozo\tests\Controllers\VentaControllerTest.php(40): Tests\Controllers\VentaControllerTest->execute('gestionar_venta...')
#9 C:\xampp\htdocs\Proyecto_ingII\proyecto_bys_cardozo\vendor\phpunit\phpunit\src\Framework\TestCase.php(1617): Tests\Controllers\VentaControllerTest->testGestionarVentasPermiteAccesoAAdmin()
#10 C:\xampp\htdocs\Proyecto_ingII\proyecto_bys_cardozo\vendor\phpunit\phpunit\src\Framework\TestCase.php(1223): PHPUnit\Framework\TestCase->runTest()
#11 C:\xampp\htdocs\Proyecto_ingII\proyecto_bys_cardozo\vendor\phpunit\phpunit\src\Framework\TestResult.php(729): PHPUnit\Framework\TestCase->runBare()
#12 C:\xampp\htdocs\Proyecto_ingII\proyecto_bys_cardozo\vendor\phpunit\phpunit\src\Framework\TestCase.php(973): PHPUnit\Framework\TestResult->run(Object(Tests\Controllers\VentaControllerTest))
#13 C:\xampp\htdocs\Proyecto_ingII\proyecto_bys_cardozo\vendor\phpunit\phpunit\src\Framework\TestSuite.php(685): PHPUnit\Framework\TestCase->run(Object(PHPUnit\Framework\TestResult))
#14 C:\xampp\htdocs\Proyecto_ingII\proyecto_bys_cardozo\vendor\phpunit\phpunit\src\TextUI\TestRunner.php(651): PHPUnit\Framework\TestSuite->run(Object(PHPUnit\Framework\TestResult))
#15 C:\xampp\htdocs\Proyecto_ingII\proyecto_bys_cardozo\vendor\phpunit\phpunit\src\TextUI\Command.php(146): PHPUnit\TextUI\TestRunner->run(Object(PHPUnit\Framework\TestSuite), Array, Array, true)
#16 C:\xampp\htdocs\Proyecto_ingII\proyecto_bys_cardozo\vendor\phpunit\phpunit\src\TextUI\Command.php(99): PHPUnit\TextUI\Command->run(Array, true)
#17 C:\xampp\htdocs\Proyecto_ingII\proyecto_bys_cardozo\vendor\phpunit\phpunit\phpunit(107): PHPUnit\TextUI\Command::main()
#18 C:\xampp\htdocs\Proyecto_ingII\proyecto_bys_cardozo\vendor\bin\phpunit(122): include('C:\\xampp\\htdocs...')
#19 {main}
INFO - 2026-06-08 22:51:56 --> Session: Class initialized using 'CodeIgniter\Session\Handlers\FileHandler' driver.
INFO - 2026-06-08 22:54:15 --> Session: Class initialized using 'CodeIgniter\Session\Handlers\FileHandler' driver.
INFO - 2026-06-08 22:55:04 --> Session: Class initialized using 'CodeIgniter\Session\Handlers\FileHandler' driver.
INFO - 2026-06-08 23:02:29 --> Session: Class initialized using 'CodeIgniter\Session\Handlers\FileHandler' driver.
INFO - 2026-06-08 23:02:34 --> Session: Class initialized using 'CodeIgniter\Session\Handlers\FileHandler' driver.
INFO - 2026-06-08 23:02:44 --> Session: Class initialized using 'CodeIgniter\Session\Handlers\FileHandler' driver.
INFO - 2026-06-08 23:03:43 --> Session: Class initialized using 'CodeIgniter\Session\Handlers\FileHandler' driver.
INFO - 2026-06-08 23:03:45 --> Session: Class initialized using 'CodeIgniter\Session\Handlers\FileHandler' driver.
INFO - 2026-06-08 23:03:51 --> Session: Class initialized using 'CodeIgniter\Session\Handlers\FileHandler' driver.
INFO - 2026-06-08 23:04:16 --> Session: Class initialized using 'CodeIgniter\Session\Handlers\FileHandler' driver.
INFO - 2026-06-08 23:04:18 --> Session: Class initialized using 'CodeIgniter\Session\Handlers\FileHandler' driver.
INFO - 2026-06-08 23:04:45 --> Session: Class initialized using 'CodeIgniter\Session\Handlers\FileHandler' driver.
INFO - 2026-06-08 23:05:10 --> Session: Class initialized using 'CodeIgniter\Session\Handlers\FileHandler' driver.
INFO - 2026-06-08 23:05:11 --> Session: Class initialized using 'CodeIgniter\Session\Handlers\FileHandler' driver.
INFO - 2026-06-08 23:05:20 --> Session: Class initialized using 'CodeIgniter\Session\Handlers\FileHandler' driver.
INFO - 2026-06-08 23:05:42 --> Session: Class initialized using 'CodeIgniter\Session\Handlers\FileHandler' driver.
INFO - 2026-06-08 23:05:44 --> Session: Class initialized using 'CodeIgniter\Session\Handlers\FileHandler' driver.
INFO - 2026-06-08 23:05:51 --> Session: Class initialized using 'CodeIgniter\Session\Handlers\FileHandler' driver.
INFO - 2026-06-08 23:06:16 --> Session: Class initialized using 'CodeIgniter\Session\Handlers\FileHandler' driver.
INFO - 2026-06-08 23:06:18 --> Session: Class initialized using 'CodeIgniter\Session\Handlers\FileHandler' driver.
INFO - 2026-06-08 23:06:25 --> Session: Class initialized using 'CodeIgniter\Session\Handlers\FileHandler' driver.
INFO - 2026-06-08 23:06:26 --> Session: Class initialized using 'CodeIgniter\Session\Handlers\FileHandler' driver.
INFO - 2026-06-08 23:06:51 --> Session: Class initialized using 'CodeIgniter\Session\Handlers\FileHandler' driver.
INFO - 2026-06-08 23:06:52 --> Session: Class initialized using 'CodeIgniter\Session\Handlers\FileHandler' driver.
INFO - 2026-06-08 23:06:59 --> Session: Class initialized using 'CodeIgniter\Session\Handlers\FileHandler' driver.
INFO - 2026-06-08 23:07:00 --> Session: Class initialized using 'CodeIgniter\Session\Handlers\FileHandler' driver.
INFO - 2026-06-08 23:07:26 --> Session: Class initialized using 'CodeIgniter\Session\Handlers\FileHandler' driver.
INFO - 2026-06-08 23:07:26 --> Session: Class initialized using 'CodeIgniter\Session\Handlers\FileHandler' driver.
INFO - 2026-06-08 23:07:40 --> Session: Class initialized using 'CodeIgniter\Session\Handlers\FileHandler' driver.
INFO - 2026-06-08 23:08:04 --> Session: Class initialized using 'CodeIgniter\Session\Handlers\FileHandler' driver.
INFO - 2026-06-08 23:08:37 --> Session: Class initialized using 'CodeIgniter\Session\Handlers\FileHandler' driver.
INFO - 2026-06-08 23:08:38 --> Session: Class initialized using 'CodeIgniter\Session\Handlers\FileHandler' driver.
INFO - 2026-06-08 23:08:50 --> Session: Class initialized using 'CodeIgniter\Session\Handlers\FileHandler' driver.
INFO - 2026-06-08 23:09:22 --> Session: Class initialized using 'CodeIgniter\Session\Handlers\FileHandler' driver.
INFO - 2026-06-08 23:09:25 --> Session: Class initialized using 'CodeIgniter\Session\Handlers\FileHandler' driver.
INFO - 2026-06-08 23:10:42 --> Session: Class initialized using 'CodeIgniter\Session\Handlers\FileHandler' driver.
INFO - 2026-06-08 23:11:11 --> Session: Class initialized using 'CodeIgniter\Session\Handlers\FileHandler' driver.
INFO - 2026-06-08 23:11:13 --> Session: Class initialized using 'CodeIgniter\Session\Handlers\FileHandler' driver.
INFO - 2026-06-08 23:11:24 --> Session: Class initialized using 'CodeIgniter\Session\Handlers\FileHandler' driver.
INFO - 2026-06-08 23:11:48 --> Session: Class initialized using 'CodeIgniter\Session\Handlers\FileHandler' driver.
INFO - 2026-06-08 23:11:50 --> Session: Class initialized using 'CodeIgniter\Session\Handlers\FileHandler' driver.
INFO - 2026-06-08 23:11:58 --> Session: Class initialized using 'CodeIgniter\Session\Handlers\FileHandler' driver.
INFO - 2026-06-08 23:12:22 --> Session: Class initialized using 'CodeIgniter\Session\Handlers\FileHandler' driver.
INFO - 2026-06-08 23:12:23 --> Session: Class initialized using 'CodeIgniter\Session\Handlers\FileHandler' driver.
INFO - 2026-06-08 23:12:29 --> Session: Class initialized using 'CodeIgniter\Session\Handlers\FileHandler' driver.
INFO - 2026-06-08 23:12:53 --> Session: Class initialized using 'CodeIgniter\Session\Handlers\FileHandler' driver.
INFO - 2026-06-08 23:12:54 --> Session: Class initialized using 'CodeIgniter\Session\Handlers\FileHandler' driver.
INFO - 2026-06-08 23:13:40 --> Session: Class initialized using 'CodeIgniter\Session\Handlers\FileHandler' driver.
INFO - 2026-06-08 23:15:06 --> Session: Class initialized using 'CodeIgniter\Session\Handlers\FileHandler' driver.
INFO - 2026-06-08 23:15:08 --> Session: Class initialized using 'CodeIgniter\Session\Handlers\FileHandler' driver.
INFO - 2026-06-08 23:15:15 --> Session: Class initialized using 'CodeIgniter\Session\Handlers\FileHandler' driver.
INFO - 2026-06-08 23:15:40 --> Session: Class initialized using 'CodeIgniter\Session\Handlers\FileHandler' driver.
INFO - 2026-06-08 23:15:41 --> Session: Class initialized using 'CodeIgniter\Session\Handlers\FileHandler' driver.
INFO - 2026-06-08 23:15:47 --> Session: Class initialized using 'CodeIgniter\Session\Handlers\FileHandler' driver.
INFO - 2026-06-08 23:16:10 --> Session: Class initialized using 'CodeIgniter\Session\Handlers\FileHandler' driver.
INFO - 2026-06-08 23:16:11 --> Session: Class initialized using 'CodeIgniter\Session\Handlers\FileHandler' driver.
INFO - 2026-06-08 23:16:17 --> Session: Class initialized using 'CodeIgniter\Session\Handlers\FileHandler' driver.
INFO - 2026-06-08 23:16:38 --> Session: Class initialized using 'CodeIgniter\Session\Handlers\FileHandler' driver.
INFO - 2026-06-08 23:16:39 --> Session: Class initialized using 'CodeIgniter\Session\Handlers\FileHandler' driver.
INFO - 2026-06-08 23:34:06 --> Session: Class initialized using 'CodeIgniter\Session\Handlers\FileHandler' driver.
INFO - 2026-06-08 23:35:17 --> Session: Class initialized using 'CodeIgniter\Session\Handlers\FileHandler' driver.
INFO - 2026-06-08 23:48:44 --> Session: Class initialized using 'CodeIgniter\Session\Handlers\FileHandler' driver.
INFO - 2026-06-08 23:49:00 --> Session: Class initialized using 'CodeIgniter\Session\Handlers\FileHandler' driver.
INFO - 2026-06-08 23:49:20 --> Session: Class initialized using 'CodeIgniter\Session\Handlers\FileHandler' driver.
INFO - 2026-06-08 23:49:52 --> Session: Class initialized using 'CodeIgniter\Session\Handlers\FileHandler' driver.
INFO - 2026-06-08 23:52:26 --> Session: Class initialized using 'CodeIgniter\Session\Handlers\FileHandler' driver.
INFO - 2026-06-08 23:52:37 --> Session: Class initialized using 'CodeIgniter\Session\Handlers\FileHandler' driver.
INFO - 2026-06-08 23:52:38 --> Session: Class initialized using 'CodeIgniter\Session\Handlers\FileHandler' driver.
INFO - 2026-06-08 23:52:45 --> Session: Class initialized using 'CodeIgniter\Session\Handlers\FileHandler' driver.
CRITICAL - 2026-06-08 23:52:45 --> ErrorException: Undefined array key "apellidoPersona"
in APPPATH\Views\backend\ventas.php on line 42.
 1 APPPATH\Views\backend\ventas.php(42): CodeIgniter\Debug\Exceptions->errorHandler(2, 'Undefined array key "apellidoPersona"', 'C:\\xampp\\htdocs\\Proyecto_ingII\\proyecto_bys_cardozo\\app\\Views\\backend\\ventas.php', 42)
 2 SYSTEMPATH\View\View.php(228): include('C:\\xampp\\htdocs\\Proyecto_ingII\\proyecto_bys_cardozo\\app\\Views\\backend\\ventas.php')
 3 SYSTEMPATH\View\View.php(231): CodeIgniter\View\View->CodeIgniter\View\{closure}()
 4 SYSTEMPATH\Common.php(1178): CodeIgniter\View\View->render('backend/ventas', [], true)
 5 APPPATH\Controllers\VentaController.php(67): view('backend/ventas', [...])
 6 SYSTEMPATH\CodeIgniter.php(941): App\Controllers\VentaController->gestionar_ventas()
 7 SYSTEMPATH\CodeIgniter.php(502): CodeIgniter\CodeIgniter->runController(Object(App\Controllers\VentaController))
 8 SYSTEMPATH\CodeIgniter.php(361): CodeIgniter\CodeIgniter->handleRequest(null, Object(Config\Cache), false)
 9 FCPATH\index.php(79): CodeIgniter\CodeIgniter->run()
INFO - 2026-06-08 23:58:26 --> Session: Class initialized using 'CodeIgniter\Session\Handlers\FileHandler' driver.
CRITICAL - 2026-06-08 23:58:28 --> ErrorException: Undefined array key "apellidoPersona"
in APPPATH\Views\backend\ventas.php on line 42.
 1 APPPATH\Views\backend\ventas.php(42): CodeIgniter\Debug\Exceptions->errorHandler(2, 'Undefined array key "apellidoPersona"', 'C:\\xampp\\htdocs\\Proyecto_ingII\\proyecto_bys_cardozo\\app\\Views\\backend\\ventas.php', 42)
 2 SYSTEMPATH\View\View.php(228): include('C:\\xampp\\htdocs\\Proyecto_ingII\\proyecto_bys_cardozo\\app\\Views\\backend\\ventas.php')
 3 SYSTEMPATH\View\View.php(231): CodeIgniter\View\View->CodeIgniter\View\{closure}()
 4 SYSTEMPATH\Common.php(1178): CodeIgniter\View\View->render('backend/ventas', [], true)
 5 APPPATH\Controllers\VentaController.php(67): view('backend/ventas', [...])
 6 SYSTEMPATH\CodeIgniter.php(941): App\Controllers\VentaController->gestionar_ventas()
 7 SYSTEMPATH\CodeIgniter.php(502): CodeIgniter\CodeIgniter->runController(Object(App\Controllers\VentaController))
 8 SYSTEMPATH\CodeIgniter.php(361): CodeIgniter\CodeIgniter->handleRequest(null, Object(Config\Cache), false)
 9 FCPATH\index.php(79): CodeIgniter\CodeIgniter->run()
